Archive member included because of file (symbol)

C:/Program Files/Rowley Associates Limited/CrossWorks for ARM 1.6/lib/libc_v4t_t_le.a(__int32_umod.o)
                              intermediate/inet.o (__umodsi3)
C:/Program Files/Rowley Associates Limited/CrossWorks for ARM 1.6/lib/libc_v4t_t_le.a(__int32_div.o)
                              intermediate/usb.o (__divsi3)
C:/Program Files/Rowley Associates Limited/CrossWorks for ARM 1.6/lib/libc_v4t_t_le.a(__int32_mod.o)
                              intermediate/serial.o (__modsi3)
C:/Program Files/Rowley Associates Limited/CrossWorks for ARM 1.6/lib/libc_v4t_t_le.a(__int32_udivmod.o)
                              intermediate/inet.o (__udivsi3)
C:/Program Files/Rowley Associates Limited/CrossWorks for ARM 1.6/lib/libc_v4t_t_le.a(strlen.o)
                              intermediate/BasicWEB.o (strlen)
C:/Program Files/Rowley Associates Limited/CrossWorks for ARM 1.6/lib/libc_v4t_t_le.a(memcpy.o)
                              intermediate/USB-CDC.o (memcpy)
C:/Program Files/Rowley Associates Limited/CrossWorks for ARM 1.6/lib/libc_v4t_t_le.a(memset.o)
                              intermediate/tasks.o (memset)
C:/Program Files/Rowley Associates Limited/CrossWorks for ARM 1.6/lib/libc_v4t_t_le.a(strcpy.o)
                              intermediate/BasicWEB.o (strcpy)
C:/Program Files/Rowley Associates Limited/CrossWorks for ARM 1.6/lib/libc_v4t_t_le.a(strcmp.o)
                              intermediate/osc.o (strcmp)
C:/Program Files/Rowley Associates Limited/CrossWorks for ARM 1.6/lib/libc_v4t_t_le.a(strcat.o)
                              intermediate/BasicWEB.o (strcat)
C:/Program Files/Rowley Associates Limited/CrossWorks for ARM 1.6/lib/libc_v4t_t_le.a(strchr.o)
                              intermediate/osc.o (strchr)
C:/Program Files/Rowley Associates Limited/CrossWorks for ARM 1.6/lib/libc_v4t_t_le.a(strncmp.o)
                              intermediate/BasicWEB.o (strncmp)
C:/Program Files/Rowley Associates Limited/CrossWorks for ARM 1.6/lib/libc_v4t_t_le.a(strncpy.o)
                              intermediate/tasks.o (strncpy)
C:/Program Files/Rowley Associates Limited/CrossWorks for ARM 1.6/lib/libc_v4t_t_le.a(snprintf.o)
                              intermediate/BasicWEB.o (snprintf)
C:/Program Files/Rowley Associates Limited/CrossWorks for ARM 1.6/lib/libc_v4t_t_le.a(sprintf.o)
                              intermediate/BasicWEB.o (sprintf)
C:/Program Files/Rowley Associates Limited/CrossWorks for ARM 1.6/lib/libc_v4t_t_le.a(vsnprintf.o)
                              intermediate/debugosc.o (vsnprintf)
C:/Program Files/Rowley Associates Limited/CrossWorks for ARM 1.6/lib/libc_v4t_t_le.a(sscanf.o)
                              intermediate/network.o (sscanf)
C:/Program Files/Rowley Associates Limited/CrossWorks for ARM 1.6/lib/libc_v4t_t_le.a(ctype.o)
                              intermediate/osc.o (isdigit)
C:/Program Files/Rowley Associates Limited/CrossWorks for ARM 1.6/lib/libgccfp_v4t_t_le.a(_addsubsf3.o)
                              intermediate/osc.o (__floatsisf)
C:/Program Files/Rowley Associates Limited/CrossWorks for ARM 1.6/lib/libgccfp_v4t_t_le.a(_fixsfsi.o)
                              intermediate/osc.o (__fixsfsi)
C:/Program Files/Rowley Associates Limited/CrossWorks for ARM 1.6/lib/libgccfp_v4t_t_le.a(_truncdfsf2.o)
                              intermediate/osc.o (__truncdfsf2)
C:/Program Files/Rowley Associates Limited/CrossWorks for ARM 1.6/lib/lib_vfprintf_long_v4t_t_le.a(__vfprintf_long.o)
                              C:/Program Files/Rowley Associates Limited/CrossWorks for ARM 1.6/lib/libc_v4t_t_le.a(snprintf.o) (__vfprintf)
C:/Program Files/Rowley Associates Limited/CrossWorks for ARM 1.6/lib/lib_vfscanf_long_v4t_t_le.a(__vfscanf_long.o)
                              C:/Program Files/Rowley Associates Limited/CrossWorks for ARM 1.6/lib/libc_v4t_t_le.a(sscanf.o) (__vfscanf)
C:/Program Files/Rowley Associates Limited/CrossWorks for ARM 1.6/lib/libc_v4t_t_le.a(__getc.o)
                              C:/Program Files/Rowley Associates Limited/CrossWorks for ARM 1.6/lib/lib_vfscanf_long_v4t_t_le.a(__vfscanf_long.o) (__getc)
C:/Program Files/Rowley Associates Limited/CrossWorks for ARM 1.6/lib/libc_v4t_t_le.a(__digit.o)
                              C:/Program Files/Rowley Associates Limited/CrossWorks for ARM 1.6/lib/lib_vfscanf_long_v4t_t_le.a(__vfscanf_long.o) (__digit)
C:/Program Files/Rowley Associates Limited/CrossWorks for ARM 1.6/lib/libc_v4t_t_le.a(__hex_lc_uc.o)
                              C:/Program Files/Rowley Associates Limited/CrossWorks for ARM 1.6/lib/lib_vfprintf_long_v4t_t_le.a(__vfprintf_long.o) (__hex_uc)

Allocating common symbols
Common symbol       size              file

jitter              0x4               intermediate/fasttimer_isr.o
tcp_active_pcbs     0x4               intermediate/tcp.o
[...]
Memory Configuration

Name             Origin             Length             Attributes
UNPLACED_SECTIONS 0xffffffff         0x00000000         xw
System_Controller 0xfffff000         0x00000000         xw
User_Peripherals 0xf0000000         0x000000c8         xw
SRAM             0x00200000         0x00010000         xw
FLASH            0x00100000         0x00040000         xr
*default*        0x00000000         0xffffffff

Linker script and memory map

                0xfffff000                __System_Controller_segment_start__ = 0xfffff000
                0xfffff000                __System_Controller_segment_end__ = 0xfffff000
                0xf0000000                __User_Peripherals_segment_start__ = 0xf0000000
                0xf00000c8                __User_Peripherals_segment_end__ = 0xf00000c8
                0x00200000                __SRAM_segment_start__ = 0x200000
                0x00210000                __SRAM_segment_end__ = 0x210000
                0x00100000                __FLASH_segment_start__ = 0x100000
                0x00140000                __FLASH_segment_end__ = 0x140000
                0x00000000                __STACKSIZE__ = 0x0
                0x00000100                __STACKSIZE_IRQ__ = 0x100
                0x00000100                __STACKSIZE_FIQ__ = 0x100
                0x00000000                __STACKSIZE_SVC__ = 0x0
                0x00000000                __STACKSIZE_ABT__ = 0x0
                0x00000000                __STACKSIZE_UND__ = 0x0
                0x00000000                __HEAPSIZE__ = 0x0
                0x00200000                __vectors_ram_load_start__ = __SRAM_segment_start__

.vectors_ram    0x00200000       0x3c
                0x00200000                __vectors_ram_start__ = .
 *(.vectors_ram)
                0x0020003c                . = ((__vectors_ram_start__ + 0x3c) MAX_K .)
 *fill*         0x00200000       0x3c 00
                0x0020003c                __vectors_ram_end__ = (__vectors_ram_start__ + SIZEOF (.vectors_ram))
                0x00000001                . = ASSERT (((__vectors_ram_end__ >= __SRAM_segment_start__) && (__vectors_ram_end__ <= (__SRAM_segment_start__ + 0x10000))), error: .vectors_ram is too large to fit in SRAM memory segment)
                0x00100000                __vectors_load_start__ = __FLASH_segment_start__

.vectors        0x00100000       0x3c
                0x00100000                __vectors_start__ = .
 *(.vectors .vectors.*)
 .vectors       0x00100000       0x3c intermediate/AT91SAM7_Startup.o
                0x0010003c                __vectors_end__ = (__vectors_start__ + SIZEOF (.vectors))
                0x00000001                . = ASSERT (((__vectors_end__ >= __FLASH_segment_start__) && (__vectors_end__ <= (__FLASH_segment_start__ + 0x40000))), error: .vectors is too large to fit in FLASH memory segment)
                0x0010003c                __init_load_start__ = (__vectors_end__ ALIGN 0x4)

.init           0x0010003c      0x27c
                0x0010003c                __init_start__ = .
 *(.init .init.*)
 .init          0x0010003c       0x98 intermediate/AT91SAM7_Startup.o
                0x001000a4                undef_handler
                0x001000ac                pabort_handler
                0x001000b0                dabort_handler
                0x0010003c                __reset_handler
                0x001000b8                fiq_handler
                0x001000b4                irq_handler
 .init          0x001000d4      0x1e4 intermediate/crt0.o
                0x001000d4                __start
                0x001000d4                _start
                0x001002b8                __init_end__ = (__init_start__ + SIZEOF (.init))
                0x00000001                . = ASSERT (((__init_end__ >= __FLASH_segment_start__) && (__init_end__ <= (__FLASH_segment_start__ + 0x40000))), error: .init is too large to fit in FLASH memory segment)
                0x001002b8                __text_load_load_start__ = (__init_end__ ALIGN 0x4)

.text_load      0x001002b8        0x0
                0x001002b8                __text_load_start__ = .
 *(.text_load)
                0x001002b8                __text_load_end__ = (__text_load_start__ + SIZEOF (.text_load))
                0x00000001                . = ASSERT (((__text_load_end__ >= __FLASH_segment_start__) && (__text_load_end__ <= (__FLASH_segment_start__ + 0x40000))), error: .text_load is too large to fit in FLASH memory segment)
                0x001002b8                __text_load_start__ = (__text_load_end__ ALIGN 0x4)

.text           0x001002b8    0x29358
                0x001002b8                __text_start__ = .
 *(.text .text.* .glue_7t .glue_7 .gnu.linkonce.t.*)
 .text          0x001002b8      0x314 intermediate/heap_2.o
                0x001004c0                vPortFree
                0x001002b8                pvPortMalloc
                0x00100568                PortFreeMemory
 .text          0x001005cc      0x378 intermediate/USBIsr.o
                0x001005cc                vUSB_ISR
 .text          0x00100944      0xde0 intermediate/USB-CDC.o
                0x00100b3c                vUSBSendByte
                0x00100944                vUSBCDCTask
                0x00100b88                cUSBGetByte
 .text          0x00101724      0x2c8 intermediate/BasicWEB.o
                0x00101974                vBasicWEBServer
 .text          0x001019ec      0x164 intermediate/main.o
                0x001019ec                MakeStarterTask
                0x00101a0c                main
                0x00101b24                vApplicationIdleHook
 .text          0x00101b50      0x4b4 intermediate/eeprom.o
                0x00101bac                Eeprom_Write
                0x00101b84                Eeprom_GetActive
                0x00101d24                Eeprom_Read
                0x00101e94                Eeprom_GetLastAddress
                0x00101b50                Eeprom_SetActive
 .text          0x00102004     0x26bc intermediate/osc.o
                0x001038fc                Osc_CreateMessage
                0x00102038                Osc_GetActive
                0x00103018                Osc_IndexIntReceiverHelper
                0x0010256c                Osc_RegisterSubsystem
                0x00102aac                Osc_Quicky
                0x00104068                Osc_NumberMatch
                0x00104448                Osc_WritePaddedBlob
                0x00103894                Osc_ReadInt
                0x00103444                Osc_ExtractData
                0x00102914                Osc_SendPacket
                0x00102788                Osc_ReceiveMessage
                0x001041fc                Osc_PropertyLookup
                0x00103be0                Osc_CreateMessageToBuf
                0x00102530                Osc_ResetChannel
                0x00102124                Osc_UsbPacketSend
                0x00102af8                Osc_SubsystemError
                0x00104040                Osc_Unlock
                0x001038c8                Osc_ReadFloat
                0x00102ef8                Osc_GeneralReceiverHelper
                0x00102314                Osc_TcpTask
                0x00102d7c                Osc_IntReceiverHelper
                0x00104284                Osc_FindDataTag
                0x00104304                Osc_WritePaddedString
                0x00103c60                Osc_CreateMessageInternal
                0x00102004                Osc_SetActive
                0x001029c8                Osc_SendPacketInternal
                0x00102b54                Osc_BlobReceiverHelper
                0x001021f4                Osc_UdpTask
                0x00103fac                Osc_Lock
                0x001045cc                Osc_WriteTimetag
                0x0010466c                Osc_EndianSwap
                0x00102164                Osc_UdpPacketSend
                0x00103374                Osc_SendError
                0x00103f04                Osc_CreateBundle
                0x00102a84                Osc_Poll
                0x001024b8                Osc_SetReplyPort
                0x00102440                Osc_SetReplyAddress
                0x001021dc                Osc_GetRunning
                0x00102644                Osc_ReceivePacket
                0x00102384                Osc_UsbTask
                0x00102620                Osc_SendMessage
 .text          0x001046c0      0x578 intermediate/osc_patternmatch.o
                0x001046c0                Osc_PatternMatch
 .text          0x00104c38      0x3cc intermediate/pwm.o
                0x00104f90                Pwm_GetChannelIo
                0x00104cb0                Pwm_Get
                0x00104cf8                Pwm_Start
                0x00104c38                Pwm_Set
                0x00104df8                Pwm_Stop
 .text          0x00105004      0x700 intermediate/spi.o
                0x001052dc                Spi_Lock
                0x00105460                Spi_Stop
                0x00105004                Spi_Configure
                0x00105308                Spi_Unlock
                0x00105328                Spi_Start
                0x00105134                Spi_ReadWriteBlock
 .text          0x00105704      0x118 intermediate/rtos.o
                0x001057d4                Malloc
                0x00105704                Sleep
                0x00105724                TaskYield
                0x001057fc                Free
                0x001057c4                TaskExitCritical
                0x001057b4                TaskEnterCritical
                0x00105794                TaskDelete
                0x00105734                TaskCreate
 .text          0x0010581c     0x1530 intermediate/io.o
                0x00106840                Io_GetPortA
                0x001065e8                Io_PullupDisable
                0x00106868                Io_SetPortB
                0x00106800                Io_SetPortA
                0x001068d0                Io_SetPortAMask
                0x00106060                Io_SetFalse
                0x001069f0                IoOsc_GetName
                0x0010699c                Io_GetValueBits
                0x00105e38                Io_SetDirection
                0x001066d0                Io_SetValueBits
                0x00105e80                Io_GetDirection
                0x0010627c                Io_SetPeripheralB
                0x001064f4                Io_GetPullup
                0x00105f18                Io_SetOutput
                0x00105d88                Io_SetActive
                0x00105a04                Io_StartBits
                0x001060d0                Io_SetValue
                0x00106ba8                IoOsc_IndexIntPropertyGet
                0x00106694                Io_SetFalseBits
                0x00105dd4                Io_GetActive
                0x00106c58                IoOsc_IntPropertySet
                0x0010690c                Io_SetPortBMask
                0x00106334                Io_GetPio
                0x00105c84                Io_StopBits
                0x00106930                Io_GetPortBMask
                0x00106788                Io_SetOutputBits
                0x0010581c                Io_Start
                0x001062ec                Io_SetPio
                0x00105f84                Io_SetInput
                0x00106178                Io_GetValue
                0x001063cc                Io_PioEnable
                0x001067c4                Io_SetInputBits
                0x00105ff0                Io_SetTrue
                0x0010643c                Io_PioDisable
                0x0010620c                Io_SetPeripheralA
                0x00105934                Io_Stop
                0x001068a8                Io_GetPortB
                0x001064ac                Io_SetPullup
                0x00106afc                IoOsc_IndexIntPropertySet
                0x00106cd0                IoOsc_IntPropertyGet
                0x00106658                Io_SetTrueBits
                0x00106a08                IoOsc_ReceiveMessage
                0x00106578                Io_PullupEnable
                0x001068f4                Io_GetPortAMask
 .text          0x00106d4c      0x2ec intermediate/led.o
                0x00106da8                Led_SetState
                0x00106e0c                Led_GetState
                0x00106d4c                Led_SetActive
                0x00106d80                Led_GetActive
                0x00106f14                LedOsc_ReceiveMessage
                0x00106fa0                LedOsc_PropertySet
                0x00106efc                LedOsc_GetName
                0x00106fec                LedOsc_PropertyGet
 .text          0x00107038      0x4cc intermediate/timer.o
                0x00107178                Timer_Set
                0x001070c0                Timer_GetActive
                0x00107298                Timer_Cancel
                0x00107038                Timer_SetActive
                0x001070e8                Timer_InitializeEntry
 .text          0x00107504      0x36c intermediate/timer_isr.o
                0x00107504                Timer_Isr
 .text          0x00107870      0x408 intermediate/debugosc.o
                0x00107b1c                DebugOsc_ReceiveMessage
                0x00107b04                DebugOsc_GetName
                0x00107870                Debug_SetActive
                0x00107b84                DebugOsc_PropertySet
                0x0010795c                Debug_SetUsb
                0x0010791c                Debug_GetLevel
                0x001078a4                Debug_GetActive
                0x001079bc                Debug_GetUdp
                0x00107bfc                DebugOsc_PropertyGet
                0x00107998                Debug_SetUdp
                0x001079d4                Debug
                0x001078cc                Debug_SetLevel
                0x00107980                Debug_GetUsb
 .text          0x00107c78       0xd8 intermediate/can_isr.o
                0x00107c78                CanIsr
 .text          0x00107d50      0x41c intermediate/can.o
                0x00107d84                Can_GetActive
                0x0010810c                CanOsc_PropertySet
                0x00108070                CanOsc_ReceiveMessage
                0x0010813c                CanOsc_PropertyGet
                0x00108058                CanOsc_GetName
                0x00107e7c                Can_GetMessage
                0x00107dac                Can_SendMessage
                0x00107d50                Can_SetActive
 .text          0x0010816c     0x1864 intermediate/network.o
                0x0010816c                Network_SetActive
                0x001082d4                Network_SetMask
                0x00108a88                SocketClose
                0x001081a4                Network_SetPending
                0x001085c8                Network_GetTcpOutAddress
                0x00108ba8                DatagramSocketSend
                0x00108ec4                Network_Init
                0x00108b30                ServerSocketClose
                0x001081ec                Network_GetActive
                0x00108270                Network_SetTcpOutAddress
                0x00108458                Network_GetValid
                0x00109100                NetworkOsc_ReceiveMessage
                0x00108ab0                ServerSocket
                0x0010919c                NetworkOsc_Poll
                0x00108e34                DhcpCoarseTask
                0x001091b0                NetworkOsc_PropertySet
                0x00108afc                ServerSocketAccept
                0x001095c8                NetworkOsc_PropertyGet
                0x001090e8                NetworkOsc_GetName
                0x00108c58                DatagramSocketReceive
                0x00108340                Network_SetGateway
                0x00108888                SocketRead
                0x00108204                Network_SetAddress
                0x00108b5c                DatagramSocket
                0x00108e18                DhcpFineTask
                0x00108724                Network_GetGateway
                0x00108e50                Network_AddressConvert
                0x001084f4                Network_GetAddress
                0x00108d80                DatagramSocketClose
                0x00108df0                Network_GetDhcpEnabled
                0x00108a1c                SocketWrite
                0x00108da8                Network_SetDhcpEnabled
                0x001087f8                Socket
                0x001083ac                Network_SetValid
                0x00108650                Network_GetMask
 .text          0x001099d0      0x3bc intermediate/system.o
                0x00109b90                System_Start
                0x001099d0                System_SetActive
                0x00109cf8                SystemOsc_PropertyGet
                0x00109c04                SystemOsc_ReceiveMessage
                0x00109b50                kill
                0x00109abc                System_GetVersionNumber
                0x00109a04                System_GetActive
                0x00109aa8                System_GetBuildNumber
                0x00109ad0                System_SetSamba
                0x00109bb0                System_Stop
                0x00109c80                SystemOsc_PropertySet
                0x00109c6c                SystemOsc_Poll
                0x00109bec                SystemOsc_GetName
                0x00109b6c                System_SetReset
                0x00109a2c                System_GetFreeMemory
                0x00109a44                System_GetSerialNumber
                0x00109a7c                System_SetSerialNumber
 .text          0x00109d8c      0x404 intermediate/usb.o
                0x00109e2c                Usb_Get
                0x00109d8c                Usb_SetActive
                0x0010a0c8                UsbOsc_ReceiveMessage
                0x00109e04                Usb_GetActive
                0x0010a0b0                UsbOsc_GetName
                0x00109e74                Usb_Put
                0x0010a130                UsbOsc_PropertySet
                0x0010a160                UsbOsc_PropertyGet
                0x00109f80                Usb_SlipReceive
                0x00109ec4                Usb_SlipSend
 .text          0x0010a190      0x12c intermediate/analogin_isr.o
                0x0010a190                AnalogInIsr
 .text          0x0010a2bc      0x8d0 intermediate/analogin.o
                0x0010a62c                AnalogIn_GetValueWait
                0x0010a324                AnalogIn_GetActive
                0x0010a370                AnalogIn_GetValue
                0x0010a480                AnalogIn_GetValueMulti
                0x0010aa48                AnalogInOsc_ReceiveMessage
                0x0010ab2c                AnalogInOsc_PropertyGet
                0x0010a2bc                AnalogIn_SetActive
                0x0010aa30                AnalogInOsc_GetName
                0x0010aaec                AnalogInOsc_PropertySet
 .text          0x0010ab8c      0xa70 intermediate/serial.o
                0x0010acc0                Serial_Read
                0x0010b480                SerialOsc_IntPropertyGet
                0x0010b06c                Serial_GetStopBits
                0x0010aeac                Serial_SetParity
                0x0010abe8                Serial_GetActive
                0x0010b528                SerialOsc_BlobPropertyGet
                0x0010b000                Serial_GetBaud
                0x0010b090                Serial_GetHardwareHandshake
                0x0010ae2c                Serial_SetBaud
                0x0010ab8c                Serial_SetActive
                0x0010ae60                Serial_SetBits
                0x0010af44                Serial_SetHardwareHandshake
                0x0010b3f0                SerialOsc_IntPropertySet
                0x0010ad70                Serial_GetReadable
                0x0010aef8                Serial_SetStopBits
                0x0010ad94                Serial_SetChar
                0x0010b2ec                SerialOsc_GetName
                0x0010b304                SerialOsc_ReceiveMessage
                0x0010af78                Serial_GetChar
                0x0010b5bc                SerialOsc_BlobPropertySet
                0x0010ac10                Serial_Write
                0x0010b024                Serial_GetBits
                0x0010b048                Serial_GetParity
 .text          0x0010b5fc      0x1d0 intermediate/serial_isr.o
                0x0010b5fc                Serial_Isr
 .text          0x0010b7cc      0x534 intermediate/fasttimer.o
                0x0010b7cc                FastTimer_SetActive
                0x0010b854                FastTimer_GetActive
                0x0010ba70                FastTimer_Cancel
                0x0010b950                FastTimer_Set
                0x0010b87c                FastTimer_InitializeEntry
                0x0010b90c                FastTimer_SetTime
 .text          0x0010bd00      0x3ac intermediate/fasttimer_isr.o
                0x0010bd00                DisableFIQFromThumb
                0x0010bd30                EnableFIQFromThumb
                0x0010bd60                FastTimer_Isr
 .text          0x0010c0ac     0x159c intermediate/tasks.o
                0x0010c538                uxTaskPriorityGet
                0x0010c334                TaskGetTimeouts
                0x0010c58c                vTaskPrioritySet
                0x0010c984                vTaskEndScheduler
                0x0010cf78                vTaskPlaceOnEventList
                0x0010c82c                xTaskResumeFromISR
                0x0010ccc0                ulTaskEndTrace
                0x0010cb00                xTaskGetTickCount
                0x0010d010                xTaskRemoveFromEventList
                0x0010cc68                vTaskStartTrace
                0x0010c280                vTaskDelete
                0x0010d138                xTaskCheckForTimeOut
                0x0010c9a4                vTaskSuspendAll
                0x0010c778                vTaskResume
                0x0010ce00                vTaskSwitchContext
                0x0010c6e0                vTaskSuspend
                0x0010cb2c                uxTaskGetNumberOfTasks
                0x0010cd00                vTaskIncrementTick
                0x0010cb58                vTaskList
                0x0010c374                vTaskDelayUntil
                0x0010d61c                xTaskGetCurrentTaskHandle
                0x0010d5a4                usTaskCheckFreeStackSpace
                0x0010c9c8                xTaskResumeAll
                0x0010c924                vTaskStartScheduler
                0x0010d1d4                vTaskMissedYield
                0x0010c0ac                xTaskCreate
                0x0010c490                vTaskDelay
                0x0010d108                vTaskSetTimeOutState
 .text          0x0010d648      0x864 intermediate/queue.o
                0x0010d95c                xQueueSendFromISR
                0x0010d648                xQueueCreate
                0x0010da54                xQueueReceive
                0x0010d784                xQueueSend
                0x0010dd50                vQueueDelete
                0x0010dc24                xQueueReceiveFromISR
                0x0010dd24                uxQueueMessagesWaiting
 .text          0x0010deac      0x20c intermediate/list.o
                0x0010df18                vListInsertEnd
                0x0010e04c                vListRemove
                0x0010defc                vListInitialiseItem
                0x0010deac                vListInitialise
                0x0010df94                vListInsert
 .text          0x0010e0b8      0x2b0 intermediate/portISR.o
                0x0010e1c4                vPreemptiveTick
                0x0010e2fc                vPortExitCritical
                0x0010e288                vPortDisableInterruptsFromThumb
                0x0010e118                swi_handler
                0x0010e0b8                vPortISRStartFirstTask
                0x0010e2a0                vPortEnableInterruptsFromThumb
                0x0010e2b8                vPortEnterCritical
 .text          0x0010e368      0x2bc intermediate/port.o
                0x0010e594                xPortStartScheduler
                0x0010e5ac                vPortEndScheduler
                0x0010e368                pxPortInitialiseStack
 .text          0x0010e624     0x1c64 intermediate/tcp_out.o
                0x0010fac0                tcp_rst
                0x0010e624                tcp_send_ctrl
                0x0010ff98                tcp_keepalive
                0x0010fe40                tcp_rexmit_rto
                0x0010e674                tcp_write
                0x0010fef4                tcp_rexmit
                0x0010f060                tcp_output
                0x0010e734                tcp_enqueue
 .text          0x00110288      0xafc intermediate/inet.o
                0x00110604                inet_chksum
                0x001103a8                inet_chksum_pseudo
                0x00110678                inet_chksum_pbuf
                0x00110774                inet_addr
                0x00110d5c                ntohl
                0x00110d10                htonl
                0x001107bc                inet_aton
                0x00110ce8                ntohs
                0x00110b5c                inet_ntoa
                0x00110ca0                htons
 .text          0x00110d84      0x718 intermediate/mem.o
                0x00110f34                mem_free
                0x00110e9c                mem_init
                0x00111258                mem_malloc
                0x00111014                mem_reallocm
                0x00111098                mem_realloc
 .text          0x0011149c      0x36c intermediate/memp.o
                0x00111774                memp_free
                0x0011164c                memp_malloc
                0x0011149c                memp_init
 .text          0x00111808      0x534 intermediate/netif.o
                0x00111c10                netif_set_netmask
                0x00111808                netif_add
                0x00111a74                netif_set_ipaddr
                0x00111c7c                netif_set_up
                0x00111c5c                netif_set_default
                0x00111ce8                netif_set_down
                0x001118dc                netif_set_addr
                0x00111cac                netif_is_up
                0x00111bc4                netif_set_gw
                0x00111938                netif_remove
                0x00111d14                netif_init
                0x001119c8                netif_find
 .text          0x00111d3c      0xc90 intermediate/pbuf.o
                0x00112214                pbuf_realloc
                0x00112490                pbuf_free
                0x0011265c                pbuf_cat
                0x00112618                pbuf_ref
                0x00111d3c                pbuf_init
                0x00112790                pbuf_dequeue
                0x001127d8                pbuf_take
                0x00111e94                pbuf_alloc
                0x001125d8                pbuf_clen
                0x00112728                pbuf_queue
                0x00112358                pbuf_header
                0x001126f4                pbuf_chain
                0x00112934                pbuf_dechain
 .text          0x001129cc      0x49c intermediate/raw.o
                0x00112adc                raw_bind
                0x00112d44                raw_send
                0x00112bb4                raw_sendto
                0x001129e4                raw_input
                0x00112b2c                raw_connect
                0x00112dfc                raw_new
                0x00112d80                raw_remove
                0x001129cc                raw_init
                0x00112b7c                raw_recv
 .text          0x00112e68       0x20 intermediate/stats.o
                0x00112e68                stats_init
 .text          0x00112e88      0x5d4 intermediate/sys.o
                0x00113420                sys_msleep
                0x001130e8                sys_timeout
                0x00112e88                sys_mbox_fetch
                0x001133a0                sys_sem_wait_timeout
                0x00112fc4                sys_sem_wait
                0x00113278                sys_untimeout
 .text          0x0011345c     0x1788 intermediate/tcp.o
                0x00114bb4                tcp_next_iss
                0x001149d4                tcp_err
                0x0011498c                tcp_recv
                0x001147dc                tcp_alloc
                0x00114968                tcp_arg
                0x001134e0                tcp_close
                0x00113b08                tcp_recved
                0x00114a58                tcp_pcb_purge
                0x0011494c                tcp_new
                0x001144f0                tcp_segs_free
                0x001137d8                tcp_bind
                0x00113630                tcp_abort
                0x001139d8                tcp_listen
                0x00114548                tcp_seg_free
                0x0011345c                tcp_init
                0x00113d00                tcp_connect
                0x001149b0                tcp_sent
                0x001134a8                tcp_tmr
                0x00114598                tcp_setprio
                0x00113ee8                tcp_slowtmr
                0x001149f8                tcp_accept
                0x00114acc                tcp_pcb_remove
                0x0011446c                tcp_fasttmr
                0x001145bc                tcp_seg_copy
                0x00114a1c                tcp_poll
 .text          0x00114be4     0x2c1c intermediate/tcp_in.o
                0x00114be4                tcp_input
 .text          0x00117800      0xb24 intermediate/ip.o
                0x00117d00                ip_output_if
                0x0011824c                ip_output
                0x00117800                ip_init
                0x00117810                ip_route
                0x001178a0                ip_input
 .text          0x00118324      0x16c intermediate/ip_addr.o
                0x00118324                ip_addr_isbroadcast
 .text          0x00118490      0x688 intermediate/icmp.o
                0x00118490                icmp_input
                0x00118938                icmp_dest_unreach
 .text          0x00118b18      0x348 intermediate/tcpip.o
                0x00118e0c                tcpip_init
                0x00118d30                tcpip_callback
                0x00118db0                tcpip_apimsg
                0x00118ca4                tcpip_input
                0x00118b64                tcp_timer_needed
 .text          0x00118e60     0x1414 intermediate/api_msg.o
                0x0011a220                api_msg_input
                0x0011a250                api_msg_post
 .text          0x0011a274     0x1488 intermediate/api_lib.o
                0x0011b38c                netconn_write
                0x0011a2b8                netbuf_delete
                0x0011a30c                netbuf_alloc
                0x0011b5fc                netconn_close
                0x0011a274                netbuf_new
                0x0011ae74                netconn_disconnect
                0x0011a8b0                netconn_new
                0x0011aa80                netconn_type
                0x0011afe0                netconn_accept
                0x0011a710                netbuf_fromport
                0x0011a4bc                netbuf_data
                0x0011ad78                netconn_connect
                0x0011a38c                netbuf_free
                0x0011b6d8                netconn_err
                0x0011a910                netconn_delete
                0x0011a520                netbuf_next
                0x0011a574                netbuf_first
                0x0011a454                netbuf_chain
                0x0011b2ac                netconn_send
                0x0011a730                netconn_new_with_proto_and_callback
                0x0011aba4                netconn_addr
                0x0011af10                netconn_listen
                0x0011a6f4                netbuf_fromaddr
                0x0011a498                netbuf_len
                0x0011a8dc                netconn_new_with_callback
                0x0011ac64                netconn_bind
                0x0011a594                netbuf_copy_partial
                0x0011a6b8                netbuf_copy
                0x0011a3cc                netbuf_ref
                0x0011b040                netconn_recv
                0x0011aa9c                netconn_peer
 .text          0x0011b6fc     0x16d4 intermediate/etharp.o
                0x0011ca64                etharp_request
                0x0011b76c                etharp_tmr
                0x0011c018                etharp_arp_input
                0x0011c748                etharp_query
                0x0011c458                etharp_output
                0x0011b6fc                etharp_init
                0x0011bf9c                etharp_ip_input
 .text          0x0011cdd0      0x46c intermediate/sys_arch.o
                0x0011d124                sys_arch_timeouts
                0x0011d114                sys_init
                0x0011d0d0                sys_sem_signal
                0x0011ce54                sys_arch_mbox_fetch
                0x0011cf6c                sys_sem_new
                0x0011cdf4                sys_mbox_free
                0x0011d210                sys_arch_protect
                0x0011d0f4                sys_sem_free
                0x0011cdd0                sys_mbox_new
                0x0011d150                sys_thread_new
                0x0011cfe8                sys_arch_sem_wait
                0x0011d224                sys_arch_unprotect
                0x0011ce24                sys_mbox_post
 .text          0x0011d23c      0x568 intermediate/ethernetif.o
                0x0011d6f4                ethernetif_init
 .text          0x0011d7a4      0xb80 intermediate/SAM7_EMAC.o
                0x0011dd48                vClearEMACTxBuffer
                0x0011e304                vEMACWaitForInput
                0x0011d7a4                lEMACSend
                0x0011d974                ulEMACInputLength
                0x0011da4c                vEMACRead
                0x0011dc24                xEMACInit
 .text          0x0011e324      0x1a0 intermediate/SAM7_EMAC_ISR.o
                0x0011e48c                vPassEMACSemaphore
                0x0011e324                vEMACISR
 .text          0x0011e4c4      0xe34 intermediate/udp.o
                0x0011f238                udp_remove
                0x0011e974                udp_sendto
                0x0011f1ac                udp_disconnect
                0x0011f200                udp_recv
                0x0011f07c                udp_connect
                0x0011ef18                udp_bind
                0x0011ea8c                udp_send
                0x0011e4e8                udp_input
                0x0011e4c4                udp_init
                0x0011f2b4                udp_new
 .text          0x0011f2f8      0xbf0 intermediate/ip_frag.o
                0x0011f43c                ip_reass
                0x0011fb10                ip_frag
                0x0011f414                ip_reass_tmr
 .text          0x0011fee8     0x26b0 intermediate/dhcp.o
                0x001207e8                dhcp_start
                0x001213e4                dhcp_release
                0x00121600                dhcp_stop
                0x00120a9c                dhcp_arp_reply
                0x00120354                dhcp_fine_tmr
                0x001210b0                dhcp_renew
                0x0012091c                dhcp_inform
                0x001202d8                dhcp_coarse_tmr
 .text          0x00122598      0xab4 intermediate/servo.o
                0x00122724                Servo_SetSpeed
                0x00122864                Servo_GetSpeed
                0x00122f54                ServoOsc_PropertySet
                0x00122fd0                ServoOsc_PropertyGet
                0x00122eb0                ServoOsc_ReceiveMessage
                0x001227e0                Servo_GetPosition
                0x00122c90                Servo_IRQCallback
                0x00122e98                ServoOsc_GetName
                0x00122598                Servo_SetActive
                0x00122654                Servo_SetPosition
                0x00122600                Servo_GetActive
 .text          0x0012304c      0x300 intermediate/dipswitch.o
                0x001231c0                DipSwitch_Stop
                0x00123080                DipSwitch_GetActive
                0x001230a8                DipSwitch_GetValue
                0x00123208                DipSwitchOsc_GetName
                0x001232bc                DipSwitchOsc_Poll
                0x00123220                DipSwitchOsc_ReceiveMessage
                0x001232d0                DipSwitchOsc_PropertySet
                0x00123140                DipSwitch_Start
                0x00123300                DipSwitchOsc_PropertyGet
                0x0012304c                DipSwitch_SetActive
 .text          0x0012334c      0x6e4 intermediate/motor.o
                0x001239b4                MotorOsc_PropertyGet
                0x00123404                Motor_SetSpeed
                0x00123878                MotorOsc_GetName
                0x00123890                MotorOsc_ReceiveMessage
                0x001233b4                Motor_GetActive
                0x00123600                Motor_GetDirection
                0x00123574                Motor_GetSpeed
                0x0012334c                Motor_SetActive
                0x00123934                MotorOsc_PropertySet
                0x001234bc                Motor_SetDirection
 .text          0x00123a30       0x10 intermediate/appboard.o
                0x00123a30                AppBoard_Start
 .text          0x00123a40      0x50c intermediate/appled.o
                0x00123ba4                AppLed_GetState
                0x00123dd0                AppLedOsc_GetName
                0x00123eec                AppLedOsc_PropertyGet
                0x00123af0                AppLed_SetState
                0x00123a40                AppLed_SetActive
                0x00123aa8                AppLed_GetActive
                0x00123e8c                AppLedOsc_PropertySet
                0x00123de8                AppLedOsc_ReceiveMessage
 .text          0x00123f4c      0xb7c intermediate/pwmout.o
                0x00123f4c                PwmOut_SetActive
                0x001241c4                PwmOut_GetInvertA
                0x00123fb4                PwmOut_GetActive
                0x0012408c                PwmOut_GetDuty
                0x00124a28                PwmOutOsc_PropertyGet
                0x00124264                PwmOut_SetInvertB
                0x001248c4                PwmOutOsc_GetName
                0x001243c0                PwmOut_SetInvert
                0x00124320                PwmOut_GetInvertB
                0x001244a8                PwmOut_SetAll
                0x00123ffc                PwmOut_SetDuty
                0x00124108                PwmOut_SetInvertA
                0x001248dc                PwmOutOsc_ReceiveMessage
                0x00124980                PwmOutOsc_PropertySet
 .text          0x00124ac8      0x4e4 intermediate/digitalin.o
                0x00124f44                DigitalInOsc_PropertyGet
                0x00124e60                DigitalInOsc_ReceiveMessage
                0x00124e48                DigitalInOsc_GetName
                0x00124ac8                DigitalIn_SetActive
                0x00124b78                DigitalIn_GetValue
                0x00124b30                DigitalIn_GetActive
                0x00124f04                DigitalInOsc_PropertySet
 .text          0x00124fac      0x6d4 intermediate/digitalout.o
                0x0012551c                DigitalOutOsc_ReceiveMessage
                0x0012505c                DigitalOut_SetValue
                0x00125504                DigitalOutOsc_GetName
                0x00125014                DigitalOut_GetActive
                0x00125110                DigitalOut_GetValue
                0x001253fc                DigitalOut_GetIo
                0x00125620                DigitalOutOsc_PropertyGet
                0x00125490                DigitalOut_GetEnableIo
                0x00124fac                DigitalOut_SetActive
                0x001255c0                DigitalOutOsc_PropertySet
 .text          0x00125680     0x27d4 intermediate/stepper.o
                0x00127ad0                Stepper_SetOn
                0x00125b44                Stepper_SetDuty
                0x00127ba0                Stepper_SetAll
                0x00125804                Stepper_SetPositionRequested
                0x00125cb0                Stepper_SetBipolar
                0x00125ac0                Stepper_GetPositionRequested
                0x00125e14                Stepper_SetHalfStep
                0x00125c2c                Stepper_GetDuty
                0x00127d7c                StepperOsc_PropertyGet
                0x001259ac                Stepper_GetSpeed
                0x0012573c                Stepper_SetPosition
                0x00125680                Stepper_SetActive
                0x00127bf0                StepperOsc_GetName
                0x00125eec                Stepper_GetHalfStep
                0x00127b38                Stepper_SetOff
                0x001256e8                Stepper_GetActive
                0x00127cac                StepperOsc_PropertySet
                0x00127c08                StepperOsc_ReceiveMessage
                0x00125d88                Stepper_GetBipolar
                0x00125a3c                Stepper_GetPosition
                0x00126520                Stepper_IRQCallback
                0x001258cc                Stepper_SetSpeed
 .text          0x00127e54      0x488 intermediate/make.o
                0x0012801c                TcpSenderTask
                0x00128210                NetworkCheck
                0x00127fe4                BlinkTask
                0x00127e54                Make
 *fill*         0x001282dc        0x4 00
 .text          0x001282e0       0x20 C:/Program Files/Rowley Associates Limited/CrossWorks for ARM 1.6/lib/libc_v4t_t_le.a(__int32_umod.o)
                0x001282e0                __umodsi3
                0x001282e0                __int32_umod
 .text          0x00128300       0x50 C:/Program Files/Rowley Associates Limited/CrossWorks for ARM 1.6/lib/libc_v4t_t_le.a(__int32_div.o)
                0x00128300                __int32_div
                0x00128300                __divsi3
 .text          0x00128350       0x50 C:/Program Files/Rowley Associates Limited/CrossWorks for ARM 1.6/lib/libc_v4t_t_le.a(__int32_mod.o)
                0x00128350                __int32_mod
                0x00128350                __modsi3
 .text          0x001283a0       0x30 C:/Program Files/Rowley Associates Limited/CrossWorks for ARM 1.6/lib/libc_v4t_t_le.a(__int32_udivmod.o)
                0x001283a0                __int32_udiv
                0x001283a0                __int32_udivmod
                0x001283a0                __udivsi3
 .text          0x001283d0       0x10 C:/Program Files/Rowley Associates Limited/CrossWorks for ARM 1.6/lib/libc_v4t_t_le.a(strlen.o)
                0x001283d0                strlen
 .text          0x001283e0       0x18 C:/Program Files/Rowley Associates Limited/CrossWorks for ARM 1.6/lib/libc_v4t_t_le.a(memcpy.o)
                0x001283e0                memcpy
 .text          0x001283f8       0x14 C:/Program Files/Rowley Associates Limited/CrossWorks for ARM 1.6/lib/libc_v4t_t_le.a(memset.o)
                0x001283f8                memset
 .text          0x0012840c       0x10 C:/Program Files/Rowley Associates Limited/CrossWorks for ARM 1.6/lib/libc_v4t_t_le.a(strcpy.o)
                0x0012840c                strcpy
 .text          0x0012841c       0x14 C:/Program Files/Rowley Associates Limited/CrossWorks for ARM 1.6/lib/libc_v4t_t_le.a(strcmp.o)
                0x0012841c                strcmp
 .text          0x00128430       0x24 C:/Program Files/Rowley Associates Limited/CrossWorks for ARM 1.6/lib/libc_v4t_t_le.a(strcat.o)
                0x00128430                strcat
 .text          0x00128454       0x28 C:/Program Files/Rowley Associates Limited/CrossWorks for ARM 1.6/lib/libc_v4t_t_le.a(strchr.o)
                0x00128454                strchr
 .text          0x0012847c       0x40 C:/Program Files/Rowley Associates Limited/CrossWorks for ARM 1.6/lib/libc_v4t_t_le.a(strncmp.o)
                0x0012847c                strncmp
 .text          0x001284bc       0x48 C:/Program Files/Rowley Associates Limited/CrossWorks for ARM 1.6/lib/libc_v4t_t_le.a(strncpy.o)
                0x001284bc                strncpy
 .text          0x00128504       0x28 C:/Program Files/Rowley Associates Limited/CrossWorks for ARM 1.6/lib/libc_v4t_t_le.a(snprintf.o)
                0x00128504                snprintf
 .text          0x0012852c       0x28 C:/Program Files/Rowley Associates Limited/CrossWorks for ARM 1.6/lib/libc_v4t_t_le.a(sprintf.o)
                0x0012852c                sprintf
 .text          0x00128554       0x20 C:/Program Files/Rowley Associates Limited/CrossWorks for ARM 1.6/lib/libc_v4t_t_le.a(vsnprintf.o)
                0x00128554                vsnprintf
 .text          0x00128574       0x24 C:/Program Files/Rowley Associates Limited/CrossWorks for ARM 1.6/lib/libc_v4t_t_le.a(sscanf.o)
                0x00128574                sscanf
 .text          0x00128598      0x160 C:/Program Files/Rowley Associates Limited/CrossWorks for ARM 1.6/lib/libc_v4t_t_le.a(ctype.o)
                0x001286e4                isblank
                0x001285c4                islower
                0x001286c4                tolower
                0x0012861c                ispunct
                0x00128604                isspace
                0x001285e4                isxdigit
                0x001285b4                isupper
                0x00128598                isalpha
                0x00128680                isgraph
                0x00128644                isalnum
                0x00128664                isprint
                0x001285d4                isdigit
                0x001286b0                iscntrl
                0x001286d4                toupper
 .text          0x001286f8      0x2ac C:/Program Files/Rowley Associates Limited/CrossWorks for ARM 1.6/lib/libgccfp_v4t_t_le.a(_addsubsf3.o)
                0x00128704                __aeabi_fadd
                0x00128700                __subsf3
                0x001288c8                __aeabi_i2f
                0x00128700                __aeabi_fsub
                0x001288f8                __floatdisf
                0x001288c8                __floatsisf
                0x001288e8                __floatundisf
                0x001288c0                __aeabi_ui2f
                0x001288f8                __aeabi_l2f
                0x001288e8                __aeabi_ul2f
                0x001286f8                __aeabi_frsub
                0x001288c0                __floatunsisf
                0x00128704                __addsf3
 .text          0x001289a4       0x5c C:/Program Files/Rowley Associates Limited/CrossWorks for ARM 1.6/lib/libgccfp_v4t_t_le.a(_fixsfsi.o)
                0x001289a4                __fixsfsi
                0x001289a4                __aeabi_f2iz
 .text          0x00128a00       0xa0 C:/Program Files/Rowley Associates Limited/CrossWorks for ARM 1.6/lib/libgccfp_v4t_t_le.a(_truncdfsf2.o)
                0x00128a00                __aeabi_d2f
                0x00128a00                __truncdfsf2
 .text          0x00128aa0      0x56c C:/Program Files/Rowley Associates Limited/CrossWorks for ARM 1.6/lib/lib_vfprintf_long_v4t_t_le.a(__vfprintf_long.o)
                0x00128b10                __vfprintf
 .text          0x0012900c      0x4c0 C:/Program Files/Rowley Associates Limited/CrossWorks for ARM 1.6/lib/lib_vfscanf_long_v4t_t_le.a(__vfscanf_long.o)
                0x001291ac                __vfscanf
 .text          0x001294cc       0x2c C:/Program Files/Rowley Associates Limited/CrossWorks for ARM 1.6/lib/libc_v4t_t_le.a(__getc.o)
                0x001294cc                __getc
 .text          0x001294f8       0x48 C:/Program Files/Rowley Associates Limited/CrossWorks for ARM 1.6/lib/libc_v4t_t_le.a(__digit.o)
                0x001294f8                __digit
 .glue_7        0x00129540       0x60 C:/Program Files/Rowley Associates Limited/CrossWorks for ARM 1.6/lib/libc_v4t_t_le.a(__hex_lc_uc.o)
                0x00129570                __Io_SetFalse_from_arm
                0x00129540                __xQueueSendFromISR_from_arm
                0x00129594                __kill_from_arm
                0x00129588                __vClearEMACTxBuffer_from_arm
                0x00129564                __Io_SetTrue_from_arm
                0x0012957c                __vTaskIncrementTick_from_arm
                0x00129558                __xQueueReceiveFromISR_from_arm
                0x0012954c                __vTaskSwitchContext_from_arm
 .glue_7t       0x001295a0       0x70 C:/Program Files/Rowley Associates Limited/CrossWorks for ARM 1.6/lib/libc_v4t_t_le.a(__hex_lc_uc.o)
                0x001295a4                __vPortEnterCritical_change_to_arm
                0x001295d4                ____modsi3_change_to_arm
                0x001295b4                ____fixsfsi_change_to_arm
                0x001295b0                ____fixsfsi_from_thumb
                0x001295ac                __vPortExitCritical_change_to_arm
                0x001295b8                ____floatsisf_from_thumb
                0x001295e0                __vPortISRStartFirstTask_from_thumb
                0x001295ec                ____umodsi3_change_to_arm
                0x001295d8                __vPortDisableInterruptsFromThumb_from_thumb
                0x001295d0                ____modsi3_from_thumb
                0x001295a8                __vPortExitCritical_from_thumb
                0x001295f4                ____udivsi3_change_to_arm
                0x0012960c                __EnableFIQFromThumb_change_to_arm
                0x001295c0                ____truncdfsf2_from_thumb
                0x001295fc                __vPassEMACSemaphore_change_to_arm
                0x001295e8                ____umodsi3_from_thumb
                0x00129600                __DisableFIQFromThumb_from_thumb
                0x001295c8                ____divsi3_from_thumb
                0x001295c4                ____truncdfsf2_change_to_arm
                0x001295f8                __vPassEMACSemaphore_from_thumb
                0x001295a0                __vPortEnterCritical_from_thumb
                0x001295bc                ____floatsisf_change_to_arm
                0x001295f0                ____udivsi3_from_thumb
                0x001295e4                __vPortISRStartFirstTask_change_to_arm
                0x001295dc                __vPortDisableInterruptsFromThumb_change_to_arm
                0x00129608                __EnableFIQFromThumb_from_thumb
                0x00129604                __DisableFIQFromThumb_change_to_arm
                0x001295cc                ____divsi3_change_to_arm
                0x00129610                __text_end__ = (__text_start__ + SIZEOF (.text))
                0x00000001                . = ASSERT (((__text_end__ >= __FLASH_segment_start__) && (__text_end__ <= (__FLASH_segment_start__ + 0x40000))), error: .text is too large to fit in FLASH memory segment)
                0x00129610                __dtors_load_start__ = (__text_end__ ALIGN 0x4)

.dtors          0x00129610        0x0
                0x00129610                __dtors_start__ = .
 *(SORT(.dtors.*))
 *(.dtors)
                0x00129610                __dtors_end__ = (__dtors_start__ + SIZEOF (.dtors))
                0x00000001                . = ASSERT (((__dtors_end__ >= __FLASH_segment_start__) && (__dtors_end__ <= (__FLASH_segment_start__ + 0x40000))), error: .dtors is too large to fit in FLASH memory segment)
                0x00129610                __ctors_load_start__ = (__dtors_end__ ALIGN 0x4)

.ctors          0x00129610        0x0
                0x00129610                __ctors_start__ = .
 *(SORT(.ctors.*))
 *(.ctors)
                0x00129610                __ctors_end__ = (__ctors_start__ + SIZEOF (.ctors))
                0x00000001                . = ASSERT (((__ctors_end__ >= __FLASH_segment_start__) && (__ctors_end__ <= (__FLASH_segment_start__ + 0x40000))), error: .ctors is too large to fit in FLASH memory segment)
                0x00129610                __rodata_load_start__ = (__ctors_end__ ALIGN 0x4)

.rodata         0x00129610     0x1034
                0x00129610                __rodata_start__ = .
 *(.rodata .rodata.* .gnu.linkonce.r.*)
 .rodata        0x00129610        0x2 intermediate/heap_2.o
 *fill*         0x00129612        0x2 00
 .rodata        0x00129614      0x1b0 intermediate/USB-CDC.o
                0x0012969e                pxDeviceDescriptor
                0x00129618                pxManufacturerStringDescriptor
                0x00129680                pxInterfaceStringDescriptor
                0x00129632                pxProductStringDescriptor
                0x00129614                pxLanguageStringDescriptor
                0x0012965a                pxConfigurationStringDescriptor
                0x001296b0                pxConfigDescriptor
 .rodata        0x001297c4      0x204 intermediate/BasicWEB.o
 .rodata        0x001299c8        0x8 intermediate/main.o
 .rodata        0x001299d0      0x150 intermediate/osc.o
 .rodata        0x00129b20       0x78 intermediate/io.o
 .rodata        0x00129b98       0x14 intermediate/led.o
 .rodata        0x00129bac       0x34 intermediate/debugosc.o
 .rodata        0x00129be0       0x14 intermediate/can.o
 .rodata        0x00129bf4      0x260 intermediate/network.o
 .rodata        0x00129e54       0x88 intermediate/system.o
 .rodata        0x00129edc       0x10 intermediate/usb.o
 .rodata        0x00129eec       0x1c intermediate/analogin.o
 .rodata        0x00129f08       0xa0 intermediate/serial.o
 .rodata        0x00129fa8       0x20 intermediate/tasks.o
 .rodata        0x00129fc8       0x14 intermediate/inet.o
 .rodata        0x00129fdc       0x2c intermediate/memp.o
 .rodata        0x0012a008       0x30 intermediate/tcp.o
                0x0012a008                tcp_backoff
 .rodata        0x0012a038       0x28 intermediate/tcp_in.o
 .rodata        0x0012a060        0x8 intermediate/ip_addr.o
                0x0012a060                ip_addr_any
                0x0012a064                ip_addr_broadcast
 .rodata        0x0012a068       0x3c intermediate/api_msg.o
 .rodata        0x0012a0a4        0x6 intermediate/etharp.o
 *fill*         0x0012a0aa        0x2 00
 .rodata        0x0012a0ac        0xc intermediate/sys_arch.o
 .rodata        0x0012a0b8       0x10 intermediate/ethernetif.o
 .rodata        0x0012a0c8        0x8 intermediate/ip_frag.o
 .rodata        0x0012a0d0       0x24 intermediate/servo.o
 .rodata        0x0012a0f4       0x1c intermediate/dipswitch.o
 .rodata        0x0012a110       0x24 intermediate/motor.o
 .rodata        0x0012a134       0x18 intermediate/appled.o
 .rodata        0x0012a14c       0x28 intermediate/pwmout.o
 .rodata        0x0012a174       0x3c intermediate/digitalin.o
 .rodata        0x0012a1b0       0x3c intermediate/digitalout.o
 .rodata        0x0012a1ec       0xfc intermediate/stepper.o
 .rodata        0x0012a2e8       0x24 intermediate/make.o
 .rodata        0x0012a30c      0x100 C:/Program Files/Rowley Associates Limited/CrossWorks for ARM 1.6/lib/libc_v4t_t_le.a(ctype.o)
                0x0012a30c                __ctype
 .rodata        0x0012a40c       0xc8 C:/Program Files/Rowley Associates Limited/CrossWorks for ARM 1.6/lib/lib_vfprintf_long_v4t_t_le.a(__vfprintf_long.o)
 .rodata        0x0012a4d4      0x150 C:/Program Files/Rowley Associates Limited/CrossWorks for ARM 1.6/lib/lib_vfscanf_long_v4t_t_le.a(__vfscanf_long.o)
 .rodata        0x0012a624       0x20 C:/Program Files/Rowley Associates Limited/CrossWorks for ARM 1.6/lib/libc_v4t_t_le.a(__hex_lc_uc.o)
                0x0012a624                __hex_uc
                0x0012a634                __hex_lc
                0x0012a644                __rodata_end__ = (__rodata_start__ + SIZEOF (.rodata))
                0x00000001                . = ASSERT (((__rodata_end__ >= __FLASH_segment_start__) && (__rodata_end__ <= (__FLASH_segment_start__ + 0x40000))), error: .rodata is too large to fit in FLASH memory segment)
                0x0012a644                __fast_load_start__ = (__rodata_end__ ALIGN 0x4)

.fast           0x0020003c        0x0 load address 0x0012a644
                0x0020003c                __fast_start__ = .
 *(.fast .fast.*)
                0x0020003c                __fast_end__ = (__fast_start__ + SIZEOF (.fast))
                0x0012a644                __fast_load_end__ = (__fast_load_start__ + SIZEOF (.fast))
                0x00000001                . = ASSERT ((((__fast_load_start__ + SIZEOF (.fast)) >= __FLASH_segment_start__) && ((__fast_load_start__ + SIZEOF (.fast)) <= (__FLASH_segment_start__ + 0x40000))), error: .fast is too large to fit in FLASH memory segment)

.fast_run       0x0020003c        0x0
                0x0020003c                __fast_run_start__ = .
                0x0020003c                . = ((__fast_run_start__ + SIZEOF (.fast)) MAX_K .)
                0x0020003c                __fast_run_end__ = (__fast_run_start__ + SIZEOF (.fast_run))
                0x00000001                . = ASSERT (((__fast_run_end__ >= __SRAM_segment_start__) && (__fast_run_end__ <= (__SRAM_segment_start__ + 0x10000))), error: .fast_run is too large to fit in SRAM memory segment)
                0x0012a644                __data_load_start__ = ((__fast_load_start__ + SIZEOF (.fast)) ALIGN 0x4)

.data           0x0020003c      0x1fc load address 0x0012a644
                0x0020003c                __data_start__ = .
 *(.data .data.* .gnu.linkonce.d.*)
 .data          0x0020003c       0x30 intermediate/io.o
 .data          0x0020006c       0x10 intermediate/led.o
 .data          0x0020007c       0x18 intermediate/debugosc.o
 .data          0x00200094       0x10 intermediate/can.o
 .data          0x002000a4       0x38 intermediate/network.o
                0x002000a7                emacETHADDR3
                0x002000a6                emacETHADDR2
                0x002000a4                emacETHADDR0
                0x002000a5                emacETHADDR1
 .data          0x002000dc       0x2c intermediate/system.o
 .data          0x00200108        0xc intermediate/usb.o
 .data          0x00200114       0x10 intermediate/analogin.o
 .data          0x00200124       0x30 intermediate/serial.o
 .data          0x00200154        0x4 intermediate/tasks.o
 .data          0x00200158        0x4 intermediate/portISR.o
                0x00200158                ulCriticalNesting
 .data          0x0020015c        0x8 intermediate/tcp.o
 .data          0x00200164       0x2c intermediate/api_msg.o
 .data          0x00200190        0x4 intermediate/dhcp.o
 .data          0x00200194       0x14 intermediate/servo.o
 .data          0x002001a8       0x10 intermediate/dipswitch.o
 .data          0x002001b8       0x14 intermediate/motor.o
 .data          0x002001cc       0x10 intermediate/appled.o
 .data          0x002001dc       0x18 intermediate/pwmout.o
 .data          0x002001f4       0x10 intermediate/digitalin.o
 .data          0x00200204       0x10 intermediate/digitalout.o
 .data          0x00200214       0x24 intermediate/stepper.o
                0x00200238                __data_end__ = (__data_start__ + SIZEOF (.data))
                0x0012a840                __data_load_end__ = (__data_load_start__ + SIZEOF (.data))
                0x0012a840                __FLASH_segment_used_end__ = (((__fast_load_start__ + SIZEOF (.fast)) ALIGN 0x4) + SIZEOF (.data))
                0x00000001                . = ASSERT ((((__data_load_start__ + SIZEOF (.data)) >= __FLASH_segment_start__) && ((__data_load_start__ + SIZEOF (.data)) <= (__FLASH_segment_start__ + 0x40000))), error: .data is too large to fit in FLASH memory segment)

.data_run       0x0020003c      0x1fc
                0x0020003c                __data_run_start__ = .
                0x00200238                . = ((__data_run_start__ + SIZEOF (.data)) MAX_K .)
 *fill*         0x0020003c      0x1fc 00
                0x00200238                __data_run_end__ = (__data_run_start__ + SIZEOF (.data_run))
                0x00000001                . = ASSERT (((__data_run_end__ >= __SRAM_segment_start__) && (__data_run_end__ <= (__SRAM_segment_start__ + 0x10000))), error: .data_run is too large to fit in SRAM memory segment)
                0x00200238                __bss_load_start__ = (__data_run_end__ ALIGN 0x4)

.bss            0x00200238     0xe104
                0x00200238                __bss_start__ = .
 *(.bss .bss.* .gnu.linkonce.b.*)
 .bss           0x00200238     0x4028 intermediate/heap_2.o
 .bss           0x00204260       0x44 intermediate/USBIsr.o
 .bss           0x002042a4      0x134 intermediate/USB-CDC.o
 .bss           0x002043d8      0x61c intermediate/BasicWEB.o
 .bss           0x002049f4        0x4 intermediate/eeprom.o
 .bss           0x002049f8        0x4 intermediate/osc_patternmatch.o
 .bss           0x002049fc        0x4 intermediate/led.o
 .bss           0x00204a00       0x40 intermediate/network.o
                0x00204a00                emacETHADDR4
                0x00204a01                emacETHADDR5
 .bss           0x00204a40        0x4 intermediate/usb.o
 .bss           0x00204a44      0x158 intermediate/tasks.o
                0x00204a44                pxCurrentTCB
 .bss           0x00204b9c       0x10 intermediate/inet.o
 .bss           0x00204bac      0x7e8 intermediate/mem.o
 .bss           0x00205394      0xef4 intermediate/memp.o
 .bss           0x00206288        0xc intermediate/netif.o
                0x00206288                netif_list
                0x0020628c                netif_default
 .bss           0x00206294     0x1178 intermediate/pbuf.o
 .bss           0x0020740c        0x4 intermediate/raw.o
 .bss           0x00207410        0x1 intermediate/tcp.o
 *fill*         0x00207411        0x3 00
 .bss           0x00207414       0x30 intermediate/tcp_in.o
 .bss           0x00207444       0x10 intermediate/tcpip.o
 .bss           0x00207454       0xf0 intermediate/etharp.o
 .bss           0x00207544        0x8 intermediate/sys_arch.o
                0x00207544                intlevel
 .bss           0x0020754c        0xc intermediate/ethernetif.o
 .bss           0x00207558     0x45f8 intermediate/SAM7_EMAC.o
 .bss           0x0020bb50        0x4 intermediate/SAM7_EMAC_ISR.o
 .bss           0x0020bb54        0x8 intermediate/udp.o
                0x0020bb54                udp_pcbs
 .bss           0x0020bb5c     0x1cd0 intermediate/ip_frag.o
 .bss           0x0020d82c       0x10 intermediate/appled.o
 .bss           0x0020d83c       0x10 intermediate/pwmout.o
 .bss           0x0020d84c       0x20 intermediate/digitalin.o
 *(COMMON)
 COMMON         0x0020d86c        0x4 intermediate/USB-CDC.o
                0x0020d86c                xUSBInterruptQueue
 COMMON         0x0020d870        0x4 intermediate/main.o
                0x0020d870                toggle
 COMMON         0x0020d874      0x5b4 intermediate/osc.o
                0x0020d874                Osc
 COMMON         0x0020de28       0x18 intermediate/pwm.o
                0x0020de28                Pwm
 COMMON         0x0020de40        0xc intermediate/spi.o
                0x0020de40                Spi
 COMMON         0x0020de4c       0x50 intermediate/io.o
                0x0020de4c                Io
 COMMON         0x0020de9c       0x2c intermediate/timer.o
                0x0020de9c                Timer
 COMMON         0x0020dec8       0xd8 intermediate/debugosc.o
                0x0020dec8                DebugData
 COMMON         0x0020dfa0        0xc intermediate/can.o
                0x0020dfa0                Can
 COMMON         0x0020dfac       0x38 intermediate/network.o
                0x0020dfac                Network
                0x0020dfe0                Network_Valid
 COMMON         0x0020dfe4        0x4 intermediate/system.o
                0x0020dfe4                System_users
 COMMON         0x0020dfe8        0x4 intermediate/usb.o
                0x0020dfe8                Usb_Running
 COMMON         0x0020dfec       0x2c intermediate/analogin.o
                0x0020dfec                AnalogIn
 COMMON         0x0020e018       0x24 intermediate/serial.o
                0x0020e018                Serial
 COMMON         0x0020e03c       0x38 intermediate/fasttimer.o
                0x0020e03c                FastTimer
 COMMON         0x0020e074        0xc intermediate/fasttimer_isr.o
                0x0020e074                jitter
                0x0020e078                timeReference
                0x0020e07c                te
 COMMON         0x0020e080      0x124 intermediate/stats.o
                0x0020e080                lwip_stats
 COMMON         0x0020e1a4       0x14 intermediate/tcp.o
                0x0020e1a4                tcp_active_pcbs
                0x0020e1a8                tcp_ticks
                0x0020e1ac                tcp_listen_pcbs
                0x0020e1b0                tcp_tmp_pcb
                0x0020e1b4                tcp_tw_pcbs
 COMMON         0x0020e1b8        0x4 intermediate/tcp_in.o
                0x0020e1b8                tcp_input_pcb
 COMMON         0x0020e1bc       0x88 intermediate/servo.o
                0x0020e1bc                Servo
 COMMON         0x0020e244        0x4 intermediate/dipswitch.o
                0x0020e244                DipSwitch_users
 COMMON         0x0020e248       0x30 intermediate/motor.o
                0x0020e248                Motor
 COMMON         0x0020e278       0x30 intermediate/digitalout.o
                0x0020e278                DigitalOut_users
                0x0020e298                DigitalOut_enableUsers
 COMMON         0x0020e2a8       0x94 intermediate/stepper.o
                0x0020e2a8                Stepper
                0x0020e33c                __bss_end__ = (__bss_start__ + SIZEOF (.bss))
                0x00000001                . = ASSERT (((__bss_end__ >= __SRAM_segment_start__) && (__bss_end__ <= (__SRAM_segment_start__ + 0x10000))), error: .bss is too large to fit in SRAM memory segment)
                0x0020e33c                __heap_load_start__ = (__bss_end__ ALIGN 0x4)

.heap           0x0020e33c        0x0
                0x0020e33c                __heap_start__ = .
 *(.heap)
                0x0020e33c                . = ((__heap_start__ + __HEAPSIZE__) MAX_K .)
                0x0020e33c                __heap_end__ = (__heap_start__ + SIZEOF (.heap))
                0x00000001                . = ASSERT (((__heap_end__ >= __SRAM_segment_start__) && (__heap_end__ <= (__SRAM_segment_start__ + 0x10000))), error: .heap is too large to fit in SRAM memory segment)
                0x0020e33c                __stack_load_start__ = (__heap_end__ ALIGN 0x4)

.stack          0x0020e33c        0x0
                0x0020e33c                __stack_start__ = .
 *(.stack)
                0x0020e33c                . = ((__stack_start__ + __STACKSIZE__) MAX_K .)
                0x0020e33c                __stack_end__ = (__stack_start__ + SIZEOF (.stack))
                0x00000001                . = ASSERT (((__stack_end__ >= __SRAM_segment_start__) && (__stack_end__ <= (__SRAM_segment_start__ + 0x10000))), error: .stack is too large to fit in SRAM memory segment)
                0x0020e33c                __stack_irq_load_start__ = (__stack_end__ ALIGN 0x4)

.stack_irq      0x0020e33c      0x200
                0x0020e33c                __stack_irq_start__ = .
 *(.stack_irq)
                0x0020e53c                . = ((__stack_irq_start__ + 0x200) MAX_K .)
 *fill*         0x0020e33c      0x200 00
                0x0020e53c                __stack_irq_end__ = (__stack_irq_start__ + SIZEOF (.stack_irq))
                0x00000001                . = ASSERT (((__stack_irq_end__ >= __SRAM_segment_start__) && (__stack_irq_end__ <= (__SRAM_segment_start__ + 0x10000))), error: .stack_irq is too large to fit in SRAM memory segment)
                0x0020e53c                __stack_fiq_load_start__ = (__stack_irq_end__ ALIGN 0x4)

.stack_fiq      0x0020e53c      0x200
                0x0020e53c                __stack_fiq_start__ = .
 *(.stack_fiq)
                0x0020e73c                . = ((__stack_fiq_start__ + 0x200) MAX_K .)
 *fill*         0x0020e53c      0x200 00
                0x0020e73c                __stack_fiq_end__ = (__stack_fiq_start__ + SIZEOF (.stack_fiq))
                0x00000001                . = ASSERT (((__stack_fiq_end__ >= __SRAM_segment_start__) && (__stack_fiq_end__ <= (__SRAM_segment_start__ + 0x10000))), error: .stack_fiq is too large to fit in SRAM memory segment)
                0x0020e73c                __stack_svc_load_start__ = (__stack_fiq_end__ ALIGN 0x4)

.stack_svc      0x0020e73c      0x200
                0x0020e73c                __stack_svc_start__ = .
 *(.stack_svc)
                0x0020e93c                . = ((__stack_svc_start__ + 0x200) MAX_K .)
 *fill*         0x0020e73c      0x200 00
                0x0020e93c                __stack_svc_end__ = (__stack_svc_start__ + SIZEOF (.stack_svc))
                0x00000001                . = ASSERT (((__stack_svc_end__ >= __SRAM_segment_start__) && (__stack_svc_end__ <= (__SRAM_segment_start__ + 0x10000))), error: .stack_svc is too large to fit in SRAM memory segment)
                0x0020e93c                __stack_abt_load_start__ = (__stack_svc_end__ ALIGN 0x4)

.stack_abt      0x0020e93c        0x0
                0x0020e93c                __stack_abt_start__ = .
 *(.stack_abt)
                0x0041d278                . = ((__stack_abt_start__ + 0x0) MAX_K .)
                0x0020e93c                __stack_abt_end__ = (__stack_abt_start__ + SIZEOF (.stack_abt))
                0x00000001                . = ASSERT (((__stack_abt_end__ >= __SRAM_segment_start__) && (__stack_abt_end__ <= (__SRAM_segment_start__ + 0x10000))), error: .stack_abt is too large to fit in SRAM memory segment)
                0x0020e93c                __stack_und_load_start__ = (__stack_abt_end__ ALIGN 0x4)

.stack_und      0x0020e93c        0x0
                0x0020e93c                __stack_und_start__ = .
 *(.stack_und)
                0x0041d278                . = ((__stack_und_start__ + 0x0) MAX_K .)
                0x0020e93c                __stack_und_end__ = (__stack_und_start__ + SIZEOF (.stack_und))
                0x0020e93c                __SRAM_segment_used_end__ = ((__stack_abt_end__ ALIGN 0x4) + SIZEOF (.stack_und))
                0x00000001                . = ASSERT (((__stack_und_end__ >= __SRAM_segment_start__) && (__stack_und_end__ <= (__SRAM_segment_start__ + 0x10000))), error: .stack_und is too large to fit in SRAM memory segment)
START GROUP
LOAD intermediate/heap_2.o
LOAD intermediate/USBIsr.o
LOAD intermediate/USB-CDC.o
LOAD intermediate/BasicWEB.o
LOAD intermediate/main.o
LOAD intermediate/eeprom.o
LOAD intermediate/osc.o
LOAD intermediate/osc_patternmatch.o
LOAD intermediate/pwm.o
LOAD intermediate/spi.o
LOAD intermediate/rtos.o
LOAD intermediate/io.o
LOAD intermediate/led.o
LOAD intermediate/timer.o
LOAD intermediate/timer_isr.o
LOAD intermediate/debugosc.o
LOAD intermediate/can_isr.o
LOAD intermediate/can.o
LOAD intermediate/network.o
LOAD intermediate/system.o
LOAD intermediate/usb.o
LOAD intermediate/analogin_isr.o
LOAD intermediate/analogin.o
LOAD intermediate/serial.o
LOAD intermediate/serial_isr.o
LOAD intermediate/fasttimer.o
LOAD intermediate/fasttimer_isr.o
LOAD intermediate/tasks.o
LOAD intermediate/queue.o
LOAD intermediate/list.o
LOAD intermediate/portISR.o
LOAD intermediate/port.o
LOAD intermediate/tcp_out.o
LOAD intermediate/inet.o
LOAD intermediate/mem.o
LOAD intermediate/memp.o
LOAD intermediate/netif.o
LOAD intermediate/pbuf.o
LOAD intermediate/raw.o
LOAD intermediate/stats.o
LOAD intermediate/sys.o
LOAD intermediate/tcp.o
LOAD intermediate/tcp_in.o
LOAD intermediate/ip.o
LOAD intermediate/ip_addr.o
LOAD intermediate/icmp.o
LOAD intermediate/tcpip.o
LOAD intermediate/api_msg.o
LOAD intermediate/err.o
LOAD intermediate/api_lib.o
LOAD intermediate/etharp.o
LOAD intermediate/sys_arch.o
LOAD intermediate/ethernetif.o
LOAD intermediate/SAM7_EMAC.o
LOAD intermediate/SAM7_EMAC_ISR.o
LOAD intermediate/udp.o
LOAD intermediate/ip_frag.o
LOAD intermediate/dhcp.o
LOAD intermediate/AT91SAM7_Startup.o
LOAD intermediate/crt0.o
LOAD intermediate/servo.o
LOAD intermediate/dipswitch.o
LOAD intermediate/motor.o
LOAD intermediate/appboard.o
LOAD intermediate/appled.o
LOAD intermediate/pwmout.o
LOAD intermediate/digitalin.o
LOAD intermediate/digitalout.o
LOAD intermediate/stepper.o
LOAD intermediate/make.o
LOAD C:/Program Files/Rowley Associates Limited/CrossWorks for ARM 1.6/lib/libarmdi_v4t_t_le.a
LOAD C:/Program Files/Rowley Associates Limited/CrossWorks for ARM 1.6/lib/libm_v4t_t_le.a
LOAD C:/Program Files/Rowley Associates Limited/CrossWorks for ARM 1.6/lib/libc_v4t_t_le.a
LOAD C:/Program Files/Rowley Associates Limited/CrossWorks for ARM 1.6/lib/libcpp_v4t_t_le.a
LOAD C:/Program Files/Rowley Associates Limited/CrossWorks for ARM 1.6/lib/libgccfp_v4t_t_le.a
LOAD C:/Program Files/Rowley Associates Limited/CrossWorks for ARM 1.6/lib/lib_vfprintf_long_v4t_t_le.a
LOAD C:/Program Files/Rowley Associates Limited/CrossWorks for ARM 1.6/lib/lib_vfscanf_long_v4t_t_le.a
END GROUP
OUTPUT(output/heavy.elf elf32-littlearm)

.debug_abbrev   0x00000000     0x57ca
 .debug_abbrev  0x00000000      0x10d intermediate/heap_2.o
 .debug_abbrev  0x0000010d       0xc5 intermediate/USBIsr.o
 .debug_abbrev  0x000001d2      0x1ae intermediate/USB-CDC.o
 .debug_abbrev  0x00000380      0x156 intermediate/BasicWEB.o
 .debug_abbrev  0x000004d6       0xb8 intermediate/main.o
 .debug_abbrev  0x0000058e      0x133 intermediate/eeprom.o
 .debug_abbrev  0x000006c1      0x1ee intermediate/osc.o
 .debug_abbrev  0x000008af       0xa6 intermediate/osc_patternmatch.o
 .debug_abbrev  0x00000955      0x121 intermediate/pwm.o
 .debug_abbrev  0x00000a76      0x14e intermediate/spi.o
 .debug_abbrev  0x00000bc4       0xb7 intermediate/rtos.o
 .debug_abbrev  0x00000c7b      0x191 intermediate/io.o
 .debug_abbrev  0x00000e0c      0x102 intermediate/led.o
 .debug_abbrev  0x00000f0e      0x198 intermediate/timer.o
 .debug_abbrev  0x000010a6       0xae intermediate/timer_isr.o
 .debug_abbrev  0x00001154      0x146 intermediate/debugosc.o
 .debug_abbrev  0x0000129a       0x7f intermediate/can_isr.o
 .debug_abbrev  0x00001319      0x1b1 intermediate/can.o
 .debug_abbrev  0x000014ca      0x25f intermediate/network.o
 .debug_abbrev  0x00001729      0x112 intermediate/system.o
 .debug_abbrev  0x0000183b      0x109 intermediate/usb.o
 .debug_abbrev  0x00001944       0xc3 intermediate/analogin_isr.o
 .debug_abbrev  0x00001a07      0x185 intermediate/analogin.o
 .debug_abbrev  0x00001b8c      0x1a5 intermediate/serial.o
 .debug_abbrev  0x00001d31       0xaf intermediate/serial_isr.o
 .debug_abbrev  0x00001de0      0x181 intermediate/fasttimer.o
 .debug_abbrev  0x00001f61       0xd4 intermediate/fasttimer_isr.o
 .debug_abbrev  0x00002035      0x19d intermediate/tasks.o
 .debug_abbrev  0x000021d2      0x17e intermediate/queue.o
 .debug_abbrev  0x00002350       0xd8 intermediate/list.o
 .debug_abbrev  0x00002428       0x8b intermediate/portISR.o
 .debug_abbrev  0x000024b3      0x108 intermediate/port.o
 .debug_abbrev  0x000025bb      0x1f0 intermediate/tcp_out.o
 .debug_abbrev  0x000027ab      0x11a intermediate/inet.o
 .debug_abbrev  0x000028c5      0x103 intermediate/mem.o
 .debug_abbrev  0x000029c8      0x11a intermediate/memp.o
 .debug_abbrev  0x00002ae2      0x20b intermediate/netif.o
 .debug_abbrev  0x00002ced      0x190 intermediate/pbuf.o
 .debug_abbrev  0x00002e7d      0x170 intermediate/raw.o
 .debug_abbrev  0x00002fed       0x9c intermediate/stats.o
 .debug_abbrev  0x00003089      0x151 intermediate/sys.o
 .debug_abbrev  0x000031da      0x248 intermediate/tcp.o
 .debug_abbrev  0x00003422      0x1ea intermediate/tcp_in.o
 .debug_abbrev  0x0000360c      0x180 intermediate/ip.o
 .debug_abbrev  0x0000378c       0xf0 intermediate/ip_addr.o
 .debug_abbrev  0x0000387c      0x10e intermediate/icmp.o
 .debug_abbrev  0x0000398a      0x1a5 intermediate/tcpip.o
 .debug_abbrev  0x00003b2f      0x1e3 intermediate/api_msg.o
 .debug_abbrev  0x00003d12       0x1f intermediate/err.o
 .debug_abbrev  0x00003d31      0x1f9 intermediate/api_lib.o
 .debug_abbrev  0x00003f2a      0x1d2 intermediate/etharp.o
 .debug_abbrev  0x000040fc      0x161 intermediate/sys_arch.o
 .debug_abbrev  0x0000425d      0x1b1 intermediate/ethernetif.o
 .debug_abbrev  0x0000440e      0x1ff intermediate/SAM7_EMAC.o
 .debug_abbrev  0x0000460d       0xb9 intermediate/SAM7_EMAC_ISR.o
 .debug_abbrev  0x000046c6      0x196 intermediate/udp.o
 .debug_abbrev  0x0000485c      0x178 intermediate/ip_frag.o
 .debug_abbrev  0x000049d4      0x1d1 intermediate/dhcp.o
 .debug_abbrev  0x00004ba5       0x10 intermediate/AT91SAM7_Startup.o
 .debug_abbrev  0x00004bb5       0x14 intermediate/crt0.o
 .debug_abbrev  0x00004bc9      0x208 intermediate/servo.o
 .debug_abbrev  0x00004dd1       0xc7 intermediate/dipswitch.o
 .debug_abbrev  0x00004e98      0x15c intermediate/motor.o
 .debug_abbrev  0x00004ff4       0x34 intermediate/appboard.o
 .debug_abbrev  0x00005028      0x12d intermediate/appled.o
 .debug_abbrev  0x00005155      0x142 intermediate/pwmout.o
 .debug_abbrev  0x00005297      0x12d intermediate/digitalin.o
 .debug_abbrev  0x000053c4      0x13e intermediate/digitalout.o
 .debug_abbrev  0x00005502      0x1fe intermediate/stepper.o
 .debug_abbrev  0x00005700       0xca intermediate/make.o

.debug_info     0x00000000    0x28daf
 .debug_info    0x00000000      0x41c intermediate/heap_2.o
 .debug_info    0x0000041c      0x2e6 intermediate/USBIsr.o
 .debug_info    0x00000702      0xbf3 intermediate/USB-CDC.o
 .debug_info    0x000012f5      0xe50 intermediate/BasicWEB.o
 .debug_info    0x00002145      0x226 intermediate/main.o
 .debug_info    0x0000236b      0x41b intermediate/eeprom.o
 .debug_info    0x00002786     0x1acd intermediate/osc.o
 .debug_info    0x00004253      0x25e intermediate/osc_patternmatch.o
 .debug_info    0x000044b1      0x40e intermediate/pwm.o
 .debug_info    0x000048bf      0x4cf intermediate/spi.o
 .debug_info    0x00004d8e      0x2ec intermediate/rtos.o
 .debug_info    0x0000507a      0xe93 intermediate/io.o
 .debug_info    0x00005f0d      0x3f0 intermediate/led.o
 .debug_info    0x000062fd      0x5f3 intermediate/timer.o
 .debug_info    0x000068f0      0x33d intermediate/timer_isr.o
 .debug_info    0x00006c2d      0x580 intermediate/debugosc.o
 .debug_info    0x000071ad      0x1a2 intermediate/can_isr.o
 .debug_info    0x0000734f      0x52e intermediate/can.o
 .debug_info    0x0000787d     0x246d intermediate/network.o
 .debug_info    0x00009cea      0x526 intermediate/system.o
 .debug_info    0x0000a210      0x47f intermediate/usb.o
 .debug_info    0x0000a68f      0x283 intermediate/analogin_isr.o
 .debug_info    0x0000a912      0x6f7 intermediate/analogin.o
 .debug_info    0x0000b009      0xa17 intermediate/serial.o
 .debug_info    0x0000ba20      0x2fa intermediate/serial_isr.o
 .debug_info    0x0000bd1a      0x6d9 intermediate/fasttimer.o
 .debug_info    0x0000c3f3      0x41e intermediate/fasttimer_isr.o
 .debug_info    0x0000c811     0x1449 intermediate/tasks.o
 .debug_info    0x0000dc5a      0x7d3 intermediate/queue.o
 .debug_info    0x0000e42d      0x400 intermediate/list.o
 .debug_info    0x0000e82d      0x27d intermediate/portISR.o
 .debug_info    0x0000eaaa      0x307 intermediate/port.o
 .debug_info    0x0000edb1     0x1527 intermediate/tcp_out.o
 .debug_info    0x000102d8      0x6b3 intermediate/inet.o
 .debug_info    0x0001098b      0x74d intermediate/mem.o
 .debug_info    0x000110d8      0x71c intermediate/memp.o
 .debug_info    0x000117f4     0x12bc intermediate/netif.o
 .debug_info    0x00012ab0      0xa7b intermediate/pbuf.o
 .debug_info    0x0001352b      0xc22 intermediate/raw.o
 .debug_info    0x0001414d      0x434 intermediate/stats.o
 .debug_info    0x00014581      0x560 intermediate/sys.o
 .debug_info    0x00014ae1     0x128f intermediate/tcp.o
 .debug_info    0x00015d70     0x1681 intermediate/tcp_in.o
 .debug_info    0x000173f1      0xe1f intermediate/ip.o
 .debug_info    0x00018210      0x8a0 intermediate/ip_addr.o
 .debug_info    0x00018ab0      0xdd2 intermediate/icmp.o
 .debug_info    0x00019882     0x1757 intermediate/tcpip.o
 .debug_info    0x0001afd9     0x1504 intermediate/api_msg.o
 .debug_info    0x0001c4dd      0x105 intermediate/err.o
 .debug_info    0x0001c5e2     0x1804 intermediate/api_lib.o
 .debug_info    0x0001dde6     0x131f intermediate/etharp.o
 .debug_info    0x0001f105      0x6a9 intermediate/sys_arch.o
 .debug_info    0x0001f7ae      0xf37 intermediate/ethernetif.o
 .debug_info    0x000206e5      0xc0d intermediate/SAM7_EMAC.o
 .debug_info    0x000212f2      0x25a intermediate/SAM7_EMAC_ISR.o
 .debug_info    0x0002154c     0x1042 intermediate/udp.o
 .debug_info    0x0002258e      0xeef intermediate/ip_frag.o
 .debug_info    0x0002347d     0x147c intermediate/dhcp.o
 .debug_info    0x000248f9       0x84 intermediate/AT91SAM7_Startup.o
 .debug_info    0x0002497d       0x80 intermediate/crt0.o
 .debug_info    0x000249fd      0xbf1 intermediate/servo.o
 .debug_info    0x000255ee      0x43d intermediate/dipswitch.o
 .debug_info    0x00025a2b      0x650 intermediate/motor.o
 .debug_info    0x0002607b      0x11d intermediate/appboard.o
 .debug_info    0x00026198      0x52c intermediate/appled.o
 .debug_info    0x000266c4      0x869 intermediate/pwmout.o
 .debug_info    0x00026f2d      0x4ec intermediate/digitalin.o
 .debug_info    0x00027419      0x637 intermediate/digitalout.o
 .debug_info    0x00027a50     0x1096 intermediate/stepper.o
 .debug_info    0x00028ae6      0x2c9 intermediate/make.o

.debug_line     0x00000000     0x6d25
 .debug_line    0x00000000      0x10c intermediate/heap_2.o
 .debug_line    0x0000010c       0xc9 intermediate/USBIsr.o
 .debug_line    0x000001d5      0x256 intermediate/USB-CDC.o
 .debug_line    0x0000042b      0x1b9 intermediate/BasicWEB.o
 .debug_line    0x000005e4       0x9d intermediate/main.o
 .debug_line    0x00000681       0xf9 intermediate/eeprom.o
 .debug_line    0x0000077a      0x3df intermediate/osc.o
 .debug_line    0x00000b59       0xe8 intermediate/osc_patternmatch.o
 .debug_line    0x00000c41      0x107 intermediate/pwm.o
 .debug_line    0x00000d48      0x139 intermediate/spi.o
 .debug_line    0x00000e81       0x8d intermediate/rtos.o
 .debug_line    0x00000f0e      0x208 intermediate/io.o
 .debug_line    0x00001116       0xb0 intermediate/led.o
 .debug_line    0x000011c6      0x120 intermediate/timer.o
 .debug_line    0x000012e6       0xec intermediate/timer_isr.o
 .debug_line    0x000013d2      0x13b intermediate/debugosc.o
 .debug_line    0x0000150d       0x78 intermediate/can_isr.o
 .debug_line    0x00001585      0x11b intermediate/can.o
 .debug_line    0x000016a0      0x37a intermediate/network.o
 .debug_line    0x00001a1a       0xd7 intermediate/system.o
 .debug_line    0x00001af1       0xd0 intermediate/usb.o
 .debug_line    0x00001bc1       0xcc intermediate/analogin_isr.o
 .debug_line    0x00001c8d      0x16f intermediate/analogin.o
 .debug_line    0x00001dfc      0x1d9 intermediate/serial.o
 .debug_line    0x00001fd5       0xc4 intermediate/serial_isr.o
 .debug_line    0x00002099      0x137 intermediate/fasttimer.o
 .debug_line    0x000021d0      0x10c intermediate/fasttimer_isr.o
 .debug_line    0x000022dc      0x337 intermediate/tasks.o
 .debug_line    0x00002613      0x1f3 intermediate/queue.o
 .debug_line    0x00002806      0x10c intermediate/list.o
 .debug_line    0x00002912       0xb6 intermediate/portISR.o
 .debug_line    0x000029c8       0xfe intermediate/port.o
 .debug_line    0x00002ac6      0x2b9 intermediate/tcp_out.o
 .debug_line    0x00002d7f      0x1d8 intermediate/inet.o
 .debug_line    0x00002f57      0x1a6 intermediate/mem.o
 .debug_line    0x000030fd      0x12e intermediate/memp.o
 .debug_line    0x0000322b      0x1a9 intermediate/netif.o
 .debug_line    0x000033d4      0x213 intermediate/pbuf.o
 .debug_line    0x000035e7      0x1af intermediate/raw.o
 .debug_line    0x00003796       0xea intermediate/stats.o
 .debug_line    0x00003880      0x19d intermediate/sys.o
 .debug_line    0x00003a1d      0x2fc intermediate/tcp.o
 .debug_line    0x00003d19      0x3e2 intermediate/tcp_in.o
 .debug_line    0x000040fb      0x1f1 intermediate/ip.o
 .debug_line    0x000042ec      0x151 intermediate/ip_addr.o
 .debug_line    0x0000443d      0x1b0 intermediate/icmp.o
 .debug_line    0x000045ed      0x1f4 intermediate/tcpip.o
 .debug_line    0x000047e1      0x2fa intermediate/api_msg.o
 .debug_line    0x00004adb       0x1d intermediate/err.o
 .debug_line    0x00004af8      0x31d intermediate/api_lib.o
 .debug_line    0x00004e15      0x2cb intermediate/etharp.o
 .debug_line    0x000050e0      0x1fb intermediate/sys_arch.o
 .debug_line    0x000052db      0x264 intermediate/ethernetif.o
 .debug_line    0x0000553f      0x1dd intermediate/SAM7_EMAC.o
 .debug_line    0x0000571c       0xc0 intermediate/SAM7_EMAC_ISR.o
 .debug_line    0x000057dc      0x243 intermediate/udp.o
 .debug_line    0x00005a1f      0x20e intermediate/ip_frag.o
 .debug_line    0x00005c2d      0x3e1 intermediate/dhcp.o
 .debug_line    0x0000600e       0xad intermediate/AT91SAM7_Startup.o
 .debug_line    0x000060bb       0xce intermediate/crt0.o
 .debug_line    0x00006189      0x1b3 intermediate/servo.o
 .debug_line    0x0000633c       0xb4 intermediate/dipswitch.o
 .debug_line    0x000063f0       0xe3 intermediate/motor.o
 .debug_line    0x000064d3       0x71 intermediate/appboard.o
 .debug_line    0x00006544       0xce intermediate/appled.o
 .debug_line    0x00006612      0x142 intermediate/pwmout.o
 .debug_line    0x00006754       0xd1 intermediate/digitalin.o
 .debug_line    0x00006825       0xf7 intermediate/digitalout.o
 .debug_line    0x0000691c      0x343 intermediate/stepper.o
 .debug_line    0x00006c5f       0xc6 intermediate/make.o

.debug_frame    0x00000000     0x8898
 .debug_frame   0x00000000       0x94 intermediate/heap_2.o
 .debug_frame   0x00000094       0x20 intermediate/USBIsr.o
 .debug_frame   0x000000b4      0x2f4 intermediate/USB-CDC.o
 .debug_frame   0x000003a8       0x6c intermediate/BasicWEB.o
 .debug_frame   0x00000414       0xc0 intermediate/main.o
 .debug_frame   0x000004d4      0x1d0 intermediate/eeprom.o
 .debug_frame   0x000006a4      0x7ac intermediate/osc.o
 .debug_frame   0x00000e50       0xac intermediate/osc_patternmatch.o
 .debug_frame   0x00000efc      0x13c intermediate/pwm.o
 .debug_frame   0x00001038      0x1b0 intermediate/spi.o
 .debug_frame   0x000011e8      0x15c intermediate/rtos.o
 .debug_frame   0x00001344      0x7cc intermediate/io.o
 .debug_frame   0x00001b10      0x1bc intermediate/led.o
 .debug_frame   0x00001ccc      0x200 intermediate/timer.o
 .debug_frame   0x00001ecc       0x44 intermediate/timer_isr.o
 .debug_frame   0x00001f10      0x288 intermediate/debugosc.o
 .debug_frame   0x00002198       0x20 intermediate/can_isr.o
 .debug_frame   0x000021b8      0x20c intermediate/can.o
 .debug_frame   0x000023c4      0x620 intermediate/network.o
 .debug_frame   0x000029e4      0x2c8 intermediate/system.o
 .debug_frame   0x00002cac      0x1c4 intermediate/usb.o
 .debug_frame   0x00002e70       0x20 intermediate/analogin_isr.o
 .debug_frame   0x00002e90      0x26c intermediate/analogin.o
 .debug_frame   0x000030fc      0x470 intermediate/serial.o
 .debug_frame   0x0000356c       0x20 intermediate/serial_isr.o
 .debug_frame   0x0000358c      0x22c intermediate/fasttimer.o
 .debug_frame   0x000037b8       0x9c intermediate/fasttimer_isr.o
 .debug_frame   0x00003854      0x5f8 intermediate/tasks.o
 .debug_frame   0x00003e4c      0x1c8 intermediate/queue.o
 .debug_frame   0x00004014       0xec intermediate/list.o
 .debug_frame   0x00004100       0xd4 intermediate/portISR.o
 .debug_frame   0x000041d4       0xb0 intermediate/port.o
 .debug_frame   0x00004284      0x1c4 intermediate/tcp_out.o
 .debug_frame   0x00004448      0x1f4 intermediate/inet.o
 .debug_frame   0x0000463c      0x118 intermediate/mem.o
 .debug_frame   0x00004754       0x98 intermediate/memp.o
 .debug_frame   0x000047ec      0x218 intermediate/netif.o
 .debug_frame   0x00004a04      0x278 intermediate/pbuf.o
 .debug_frame   0x00004c7c      0x19c intermediate/raw.o
 .debug_frame   0x00004e18       0x34 intermediate/stats.o
 .debug_frame   0x00004e4c      0x144 intermediate/sys.o
 .debug_frame   0x00004f90      0x51c intermediate/tcp.o
 .debug_frame   0x000054ac      0x124 intermediate/tcp_in.o
 .debug_frame   0x000055d0       0xe8 intermediate/ip.o
 .debug_frame   0x000056b8       0x3c intermediate/ip_addr.o
 .debug_frame   0x000056f4       0x6c intermediate/icmp.o
 .debug_frame   0x00005760      0x168 intermediate/tcpip.o
 .debug_frame   0x000058c8      0x3d8 intermediate/api_msg.o
 .debug_frame   0x00005ca0      0x564 intermediate/api_lib.o
 .debug_frame   0x00006204      0x1ac intermediate/etharp.o
 .debug_frame   0x000063b0      0x240 intermediate/sys_arch.o
 .debug_frame   0x000065f0      0x14c intermediate/ethernetif.o
 .debug_frame   0x0000673c      0x234 intermediate/SAM7_EMAC.o
 .debug_frame   0x00006970       0x4c intermediate/SAM7_EMAC_ISR.o
 .debug_frame   0x000069bc      0x1c8 intermediate/udp.o
 .debug_frame   0x00006b84       0xc8 intermediate/ip_frag.o
 .debug_frame   0x00006c4c      0x628 intermediate/dhcp.o
 .debug_frame   0x00007274      0x2c4 intermediate/servo.o
 .debug_frame   0x00007538      0x1bc intermediate/dipswitch.o
 .debug_frame   0x000076f4      0x248 intermediate/motor.o
 .debug_frame   0x0000793c       0x34 intermediate/appboard.o
 .debug_frame   0x00007970      0x1f0 intermediate/appled.o
 .debug_frame   0x00007b60      0x308 intermediate/pwmout.o
 .debug_frame   0x00007e68      0x1cc intermediate/digitalin.o
 .debug_frame   0x00008034      0x224 intermediate/digitalout.o
 .debug_frame   0x00008258      0x57c intermediate/stepper.o
 .debug_frame   0x000087d4       0xc4 intermediate/make.o

.debug_loc      0x00000000     0xa25a
 .debug_loc     0x00000000       0xa5 intermediate/heap_2.o
 .debug_loc     0x000000a5      0x39a intermediate/USB-CDC.o
 .debug_loc     0x0000043f       0x6e intermediate/BasicWEB.o
 .debug_loc     0x000004ad       0xdc intermediate/main.o
 .debug_loc     0x00000589      0x231 intermediate/eeprom.o
 .debug_loc     0x000007ba      0x957 intermediate/osc.o
 .debug_loc     0x00001111       0xc9 intermediate/osc_patternmatch.o
 .debug_loc     0x000011da      0x174 intermediate/pwm.o
 .debug_loc     0x0000134e      0x202 intermediate/spi.o
 .debug_loc     0x00001550      0x193 intermediate/rtos.o
 .debug_loc     0x000016e3      0x987 intermediate/io.o
 .debug_loc     0x0000206a      0x20d intermediate/led.o
 .debug_loc     0x00002277      0x260 intermediate/timer.o
 .debug_loc     0x000024d7       0x2a intermediate/timer_isr.o
 .debug_loc     0x00002501      0x305 intermediate/debugosc.o
 .debug_loc     0x00002806      0x26e intermediate/can.o
 .debug_loc     0x00002a74      0x770 intermediate/network.o
 .debug_loc     0x000031e4      0x34d intermediate/system.o
 .debug_loc     0x00003531      0x219 intermediate/usb.o
 .debug_loc     0x0000374a      0x2e8 intermediate/analogin.o
 .debug_loc     0x00003a32      0x55e intermediate/serial.o